// Jest Snapshot v1, https://goo.gl/fbAQLP

exports[`HistoryCardComponent should render 1`] = `
Object {
  "abort": [Function],
  "animationEnd": [Function],
  "animationIteration": [Function],
  "animationStart": [Function],
  "blur": [Function],
  "canPlay": [Function],
  "canPlayThrough": [Function],
  "change": [Function],
  "click": [Function],
  "compositionEnd": [Function],
  "compositionStart": [Function],
  "compositionUpdate": [Function],
  "container": <div
    id="root0"
  >
    <div
      class="card"
    >
      <header
        class="card-header"
      >
        <p
          class="card-header-title"
        >
           Falcon 1 Makes History 
        </p>
      </header>
      <div
        class="card-content"
      >
        <div
          class="content"
        >
           Falcon 1 becomes the first privately developed liquid fuel rocket to reach Earth orbit. 
          <br />
          <time
            datetime="2008-09-28T23:15:00Z"
          >
             Sep 29, 2008
          </time>
        </div>
      </div>
      <footer
        class="card-footer"
      >
        <a
          class="card-footer-item"
          href="http://www.spacex.com/news/2013/02/11/flight-4-launch-update-0"
        >
          Article
        </a>
        <a
          class="card-footer-item"
          href="https://en.wikipedia.org/wiki/Falcon_1"
        >
          Wikipedia
        </a>
        <a
          class="card-footer-item"
          href=""
        >
          Reddit
        </a>
      </footer>
    </div>
  </div>,
  "contextMenu": [Function],
  "copy": [Function],
  "cut": [Function],
  "dblClick": [Function],
  "debug": [Function],
  "debugElement": null,
  "detectChanges": [Function],
  "doubleClick": [Function],
  "drag": [Function],
  "dragEnd": [Function],
  "dragEnter": [Function],
  "dragExit": [Function],
  "dragLeave": [Function],
  "dragOver": [Function],
  "dragStart": [Function],
  "drop": [Function],
  "durationChange": [Function],
  "emptied": [Function],
  "encrypted": [Function],
  "ended": [Function],
  "error": [Function],
  "findAllByAltText": [Function],
  "findAllByDisplayValue": [Function],
  "findAllByLabelText": [Function],
  "findAllByPlaceholderText": [Function],
  "findAllByRole": [Function],
  "findAllByTestId": [Function],
  "findAllByText": [Function],
  "findAllByTitle": [Function],
  "findByAltText": [Function],
  "findByDisplayValue": [Function],
  "findByLabelText": [Function],
  "findByPlaceholderText": [Function],
  "findByRole": [Function],
  "findByTestId": [Function],
  "findByText": [Function],
  "findByTitle": [Function],
  "fixture": <app-history-card
    story={[Function Object]}
>
    <div
        class="card"
      >
        <header
          class="card-header"
        >
          <p
            class="card-header-title"
          >
             Falcon 1 Makes History 
          </p>
        </header>
        <div
          class="card-content"
        >
          <div
            class="content"
          >
             Falcon 1 becomes the first privately developed liquid fuel rocket to reach Earth orbit. 
            <br />
            <time
              datetime="2008-09-28T23:15:00Z"
            >
               Sep 29, 2008
            </time>
          </div>
        </div>
        <footer
          class="card-footer"
        >
          <a
            class="card-footer-item"
            href="http://www.spacex.com/news/2013/02/11/flight-4-launch-update-0"
          >
            Article
          </a>
          <a
            class="card-footer-item"
            href="https://en.wikipedia.org/wiki/Falcon_1"
          >
            Wikipedia
          </a>
          <a
            class="card-footer-item"
            href=""
          >
            Reddit
          </a>
        </footer>
      </div>
</app-history-card>,
  "focus": [Function],
  "focusIn": [Function],
  "focusOut": [Function],
  "getAllByAltText": [Function],
  "getAllByDisplayValue": [Function],
  "getAllByLabelText": [Function],
  "getAllByPlaceholderText": [Function],
  "getAllByRole": [Function],
  "getAllByTestId": [Function],
  "getAllByText": [Function],
  "getAllByTitle": [Function],
  "getByAltText": [Function],
  "getByDisplayValue": [Function],
  "getByLabelText": [Function],
  "getByPlaceholderText": [Function],
  "getByRole": [Function],
  "getByTestId": [Function],
  "getByText": [Function],
  "getByTitle": [Function],
  "gotPointerCapture": [Function],
  "input": [Function],
  "invalid": [Function],
  "keyDown": [Function],
  "keyPress": [Function],
  "keyUp": [Function],
  "load": [Function],
  "loadStart": [Function],
  "loadedData": [Function],
  "loadedMetadata": [Function],
  "lostPointerCapture": [Function],
  "mouseDown": [Function],
  "mouseEnter": [Function],
  "mouseLeave": [Function],
  "mouseMove": [Function],
  "mouseOut": [Function],
  "mouseOver": [Function],
  "mouseUp": [Function],
  "navigate": [Function],
  "paste": [Function],
  "pause": [Function],
  "play": [Function],
  "playing": [Function],
  "pointerCancel": [Function],
  "pointerDown": [Function],
  "pointerEnter": [Function],
  "pointerLeave": [Function],
  "pointerMove": [Function],
  "pointerOut": [Function],
  "pointerOver": [Function],
  "pointerUp": [Function],
  "progress": [Function],
  "queryAllByAltText": [Function],
  "queryAllByDisplayValue": [Function],
  "queryAllByLabelText": [Function],
  "queryAllByPlaceholderText": [Function],
  "queryAllByRole": [Function],
  "queryAllByTestId": [Function],
  "queryAllByText": [Function],
  "queryAllByTitle": [Function],
  "queryByAltText": [Function],
  "queryByDisplayValue": [Function],
  "queryByLabelText": [Function],
  "queryByPlaceholderText": [Function],
  "queryByRole": [Function],
  "queryByTestId": [Function],
  "queryByText": [Function],
  "queryByTitle": [Function],
  "rateChange": [Function],
  "rerender": [Function],
  "scroll": [Function],
  "seeked": [Function],
  "seeking": [Function],
  "select": [Function],
  "selectOptions": [Function],
  "stalled": [Function],
  "submit": [Function],
  "suspend": [Function],
  "timeUpdate": [Function],
  "touchCancel": [Function],
  "touchEnd": [Function],
  "touchMove": [Function],
  "touchStart": [Function],
  "transitionEnd": [Function],
  "type": [Function],
  "volumeChange": [Function],
  "waitForDomChange": [Function],
  "waitForElement": [Function],
  "waitForElementToBeRemoved": [Function],
  "waiting": [Function],
  "wheel": [Function],
}
`;
